
===== problems with biber and biblatex ======================

https://guides.library.yale.edu/bibtex/troubleshooting


$ biber Marron_Module2_Reflections.bcf
INFO - This is Biber 2.14 (beta)
INFO - Logfile is 'Marron_Module2_Reflections.blg'
INFO - Reading 'Marron_Module2_Reflections.bcf'
ERROR - Error: Found biblatex control file version 3.1, expected version 3.7.
This means that your biber (2.14) and biblatex (3.4) versions are incompatible.		<== had old versions in /usr/local/share/texmf/tex/latex/






==== Problems with BibTex in LaTex ============


	# a misplaced & symbol will shut it down!!!


	#reference undefined!
	#note where .bst file is located
	#note where and name of .bib file
\usepackage{apacite}
.
.
\bibliographystyle{/usr/local/share/texmf/tex/latex/apacite/apacite}   %apacite.bst file here
\bibliography{/home/bmarron//Desktop/BibTex/My_Library_20151007}	% .bib file here (no .bib!)
\end{document}

	#  hyperref.sty interferes with cite.sty !! 



#########################
can't get LaTex to process
citations or make a .pdf?
###############################

	a.
	#open terminal
	#cd to where .tex file is
	#delete all files EXCEPT for the .tex file

latex <file>.tex
bibtex <file>.aux
latex <file>.tex
latex <file>.tex
pdflatex <file>.tex


	b.
http://tex.stackexchange.com/questions/166831/cant-open-reference-aux/166900

To compile your document do this steps:
    compile 'name.tex' using latex ==> this step will generate main.aux file
    compile 'name.aux' (NOT 'ref.bib') using bibtex
    compile twice 'name.tex' using latex
    compile 'name.tex' using pdflatex


-------- example (w/o extensions) --------------------------------------------------------------
$ cd ~/Desktop/PSU/PhD_EES/SoE/2015SoE101_LitReview/_PWFs_works/LitReview1/
$ latex LitReview1 
Output written on LitReview1.dvi (1 page, 2708 bytes).
Transcript written on LitReview1.log.

$ bibtex LitReview1
This is BibTeX, Version 0.99d (TeX Live 2013/Debian)
The top-level auxiliary file: LitReview1.aux
The style file: /usr/local/share/texmf/tex/latex/apacite/apacite.bst
Database file #1: /home/bmarron//Desktop/BibTex/MyLibrary20151007.bib
apacite.bst [2013/07/21 v6.03 APA bibliography style]

$ latex LitReview1
Output written on LitReview1.dvi (1 page, 4008 bytes).
Transcript written on LitReview1.log.

$ latex LitReview1
Output written on LitReview1.dvi (1 page, 4128 bytes).
Transcript written on LitReview1.log.

							#.pdf in  ~/Desktop/PSU/PhD_EES/SoE/2015SoE101_LitReview/_PWFs_works/LitReview1/
$ pdflatex LitReview1
Output written on LitReview1.pdf (1 page, 55213 bytes).
Transcript written on LitReview1.log.



